server/db.ts(1062,11): error TS2739: Type '{ id: number; profileId: number; name: string; shortName: string; category: "titular" | "resident" | "sesab"; hasSus: boolean; hasConvenio: boolean; canManhaSus: boolean; canManhaConvenio: boolean; ... 17 more ...; updatedAt: Date; }' is missing the following properties from type '{ name: string; id: number; createdAt: Date; email: string | null; updatedAt: Date; profileId: number; shortName: string; category: "titular" | "resident" | "sesab"; hasSus: boolean; ... 21 more ...; ativo: boolean; }': email, crmNumber, crmState, phone
server/db.ts(1747,11): error TS2741: Property 'userId' is missing in type '{ id: number; profileId: number; doctorId: number; dayOfWeek: number; shiftType: "manha_sus" | "manha_convenio" | "tarde_sus" | "tarde_convenio" | "noite" | "all_day"; createdAt: Date; }' but required in type '{ id: number; userId: number | null; createdAt: Date; profileId: number; doctorId: number; dayOfWeek: number; shiftType: "manha_sus" | "manha_convenio" | "tarde_sus" | "tarde_convenio" | "noite" | "all_day"; }'.
